// Jest Snapshot v1, https://goo.gl/fbAQLP

exports[`renders hello world: <h1>hello world</h1> 1`] = `
<h1>
  hello world
</h1>
`;
